# textbook-parser extract-all
# time: 2026-09-30T08:48:25
# argv: D:\ah21\textbook-parser\src\textbook_parser\__main__.py extract-all --extractor 目录 --project-root . --batch 2025-12-01 --continue-on-error
# book_code: b11,b21,b31,b41,b51,b61
# log_file: D:\ah21\textbook-parser\output\2025-12-01\extract-all_目录.log
# 以下 stdout/stderr 均写入本日志（含警告、错误与提取器提示）。
# extractor: 目录
# project_root: D:\ah21\textbook-parser
# batch: 2025-12-01
# books_arg: (本批全部书目)

批次: 2025-12-01 → D:\ah21\textbook-parser\output\2025-12-01
--- b11 ---
目录: 条目 54，扁平 45 条，分组 9
已写入: D:\ah21\textbook-parser\output\2025-12-01\b11_目录.json
已写入: D:\ah21\textbook-parser\output\2025-12-01\b11_目录.md
抛弃行日志: D:\ah21\textbook-parser\output\2025-12-01\b11_目录.discard.log
--- b21 ---
目录: 条目 48，扁平 40 条，分组 8
已写入: D:\ah21\textbook-parser\output\2025-12-01\b21_目录.json
已写入: D:\ah21\textbook-parser\output\2025-12-01\b21_目录.md
抛弃行日志: D:\ah21\textbook-parser\output\2025-12-01\b21_目录.discard.log
--- b31 ---
目录: 条目 64，扁平 56 条，分组 8
已写入: D:\ah21\textbook-parser\output\2025-12-01\b31_目录.json
已写入: D:\ah21\textbook-parser\output\2025-12-01\b31_目录.md
抛弃行日志: D:\ah21\textbook-parser\output\2025-12-01\b31_目录.discard.log
--- b41 ---
目录: 条目 68，扁平 60 条，分组 8
已写入: D:\ah21\textbook-parser\output\2025-12-01\b41_目录.json
已写入: D:\ah21\textbook-parser\output\2025-12-01\b41_目录.md
抛弃行日志: D:\ah21\textbook-parser\output\2025-12-01\b41_目录.discard.log
--- b51 ---
目录: 条目 63，扁平 55 条，分组 8
已写入: D:\ah21\textbook-parser\output\2025-12-01\b51_目录.json
已写入: D:\ah21\textbook-parser\output\2025-12-01\b51_目录.md
抛弃行日志: D:\ah21\textbook-parser\output\2025-12-01\b51_目录.discard.log
--- b61 ---
目录: 条目 67，扁平 59 条，分组 8
已写入: D:\ah21\textbook-parser\output\2025-12-01\b61_目录.json
已写入: D:\ah21\textbook-parser\output\2025-12-01\b61_目录.md
抛弃行日志: D:\ah21\textbook-parser\output\2025-12-01\b61_目录.discard.log
控制台输出已同步写入日志: D:\ah21\textbook-parser\output\2025-12-01\extract-all_目录.log
