# textbook-parser extract-all
# time: 2026-09-30T08:48:26
# argv: D:\ah21\textbook-parser\src\textbook_parser\__main__.py extract-all --extractor 词语表 --project-root . --batch 2025-12-01 --continue-on-error
# book_code: b11,b21,b31,b41,b51,b61
# log_file: D:\ah21\textbook-parser\output\2025-12-01\extract-all_词语表.log
# 以下 stdout/stderr 均写入本日志（含警告、错误与提取器提示）。
# extractor: 词语表
# project_root: D:\ah21\textbook-parser
# batch: 2025-12-01
# books_arg: (本批全部书目)

批次: 2025-12-01 → D:\ah21\textbook-parser\output\2025-12-01
--- b11 ---
b11: 跳过（本册未配置 «词语表»，多为 extractors_drop）
--- b21 ---
[b21/词语表 抛弃]       阅读
[b21/词语表 抛弃]       识字
[b21/词语表 抛弃]       阅读
[b21/词语表 抛弃] 116
[b21/词语表 抛弃]                                          117
[b21/词语表] 目录 JSON 对齐 — 锚点全部匹配到目录
词语表: 行数 25，词语合计 239
已写入: D:\ah21\textbook-parser\output\2025-12-01\b21_词语表.json
已写入: D:\ah21\textbook-parser\output\2025-12-01\b21_词语表.md
抛弃行日志: D:\ah21\textbook-parser\output\2025-12-01\b21_词语表.discard.log
--- b31 ---
[b31/词语表 抛弃] 114
[b31/词语表 抛弃]                                               115
[b31/词语表] 目录 JSON 对齐 — 锚点全部匹配到目录
词语表: 行数 20，词语合计 250
已写入: D:\ah21\textbook-parser\output\2025-12-01\b31_词语表.json
已写入: D:\ah21\textbook-parser\output\2025-12-01\b31_词语表.md
抛弃行日志: D:\ah21\textbook-parser\output\2025-12-01\b31_词语表.discard.log
--- b41 ---
[b41/词语表 抛弃] 128
[b41/词语表 抛弃]                                         129
[b41/词语表 抛弃] 130
[b41/词语表] 目录 JSON 对齐 — 锚点全部匹配到目录
词语表: 行数 16，词语合计 241
已写入: D:\ah21\textbook-parser\output\2025-12-01\b41_词语表.json
已写入: D:\ah21\textbook-parser\output\2025-12-01\b41_词语表.md
抛弃行日志: D:\ah21\textbook-parser\output\2025-12-01\b41_词语表.discard.log
--- b51 ---
[b51/词语表 抛弃] 122
[b51/词语表 抛弃]                                               123
[b51/词语表 抛弃] 124
[b51/词语表] 目录 JSON 对齐 — 锚点全部匹配到目录
词语表: 行数 16，词语合计 222
已写入: D:\ah21\textbook-parser\output\2025-12-01\b51_词语表.json
已写入: D:\ah21\textbook-parser\output\2025-12-01\b51_词语表.md
抛弃行日志: D:\ah21\textbook-parser\output\2025-12-01\b51_词语表.discard.log
--- b61 ---
[b61/词语表 抛弃] 132
[b61/词语表 抛弃]                                       133
[b61/词语表 抛弃] 134
[b61/词语表] 目录 JSON 对齐 — 锚点全部匹配到目录
词语表: 行数 14，词语合计 224
已写入: D:\ah21\textbook-parser\output\2025-12-01\b61_词语表.json
已写入: D:\ah21\textbook-parser\output\2025-12-01\b61_词语表.md
抛弃行日志: D:\ah21\textbook-parser\output\2025-12-01\b61_词语表.discard.log
控制台输出已同步写入日志: D:\ah21\textbook-parser\output\2025-12-01\extract-all_词语表.log
