# textbook-parser toc-chunk
# time: 2026-09-29T16:21:51
# argv: D:\ah21\textbook-parser\src\textbook_parser\__main__.py toc-chunk --project-root . --batch 2026-09-16 --books --continue-on-error
# book_code: b12
# log_file: D:\ah21\textbook-parser\output\2026-09-16\b12_正文分块.log
# 以下 stdout/stderr 均写入本日志（含警告、错误与提取器提示）。
# project_root: D:\ah21\textbook-parser
# batch: 2026-09-16
# output: D:\ah21\textbook-parser\output\2026-09-16

正文分块: 条目 38, 命中 16, 未命中 22
  [问题] 未命中锚点: b12-toc-0004 3 小青蛙 keys=['小青蛙', '3小青蛙']
  [问题] 未命中锚点: b12-toc-0005 4 猜字谜 keys=['猜字谜', '4猜字谜']
  [问题] 未命中锚点: b12-toc-0008 1 热爱中国共产党 keys=['热爱中国共产党', '1热爱中国共产党']
  [问题] 未命中锚点: b12-toc-0009 2 吃水不忘挖井人 keys=['吃水不忘挖井人', '2吃水不忘挖井人']
  [问题] 未命中锚点: b12-toc-0010 3 我多想去看看 keys=['我多想去看看', '3我多想去看看']
  [问题] 未命中锚点: b12-toc-0013 4 小公鸡和小鸭子 keys=['小公鸡和小鸭子', '4小公鸡和小鸭子']
  [问题] 未命中锚点: b12-toc-0014 5 树和喜鹊 keys=['树和喜鹊', '5树和喜鹊']
  [问题] 未命中锚点: b12-toc-0015 6 怎么都快乐 keys=['怎么都快乐', '6怎么都快乐']
  [问题] 未命中锚点: b12-toc-0019 8 夜色 keys=['夜色', '8夜色']
  [问题] 未命中锚点: b12-toc-0020 9 端午粽 keys=['端午粽', '9端午粽']
  [问题] 未命中锚点: b12-toc-0023 5 动物儿歌 keys=['动物儿歌', '5动物儿歌']
  [问题] 未命中锚点: b12-toc-0025 7 操场上 keys=['操场上', '7操场上']
  [问题] 未命中锚点: b12-toc-0026 8 人之初 keys=['人之初', '8人之初']
  [问题] 未命中锚点: b12-toc-0032 11 浪花 keys=['浪花', '11浪花']
  [问题] 未命中锚点: b12-toc-0033 12 荷叶圆圆 keys=['荷叶圆圆', '12荷叶圆圆']
  [问题] 未命中锚点: b12-toc-0034 13 要下雨了 keys=['要下雨了', '13要下雨了']
  [问题] 未命中锚点: b12-toc-0037 14 文具的家 keys=['文具的家', '14文具的家']
  [问题] 未命中锚点: b12-toc-0038 15 一分钟 keys=['一分钟', '15一分钟']
  [问题] 未命中锚点: b12-toc-0039 16 动物王国开大会 keys=['动物王国开大会', '16动物王国开大会']
  [问题] 未命中锚点: b12-toc-0040 17 小猴子下山 keys=['小猴子下山', '17小猴子下山']
  [问题] 未命中锚点: b12-toc-0044 19 咕咚 keys=['咕咚', '19咕咚']
  [问题] 未命中锚点: b12-toc-0045 20 小壁虎借尾巴 keys=['小壁虎借尾巴', '20小壁虎借尾巴']
已写入: D:\ah21\textbook-parser\output\2026-09-16\b12_正文分块.json
已写入: D:\ah21\textbook-parser\output\2026-09-16\b12_正文分块.md
控制台输出已同步写入日志: D:\ah21\textbook-parser\output\2026-09-16\b12_正文分块.log
