# textbook-parser toc-chunk
# time: 2026-09-29T16:21:52
# argv: D:\ah21\textbook-parser\src\textbook_parser\__main__.py toc-chunk --project-root . --batch 2026-09-16 --books --continue-on-error
# book_code: b22
# log_file: D:\ah21\textbook-parser\output\2026-09-16\b22_正文分块.log
# 以下 stdout/stderr 均写入本日志（含警告、错误与提取器提示）。
# project_root: D:\ah21\textbook-parser
# batch: 2026-09-16
# output: D:\ah21\textbook-parser\output\2026-09-16

正文分块: 条目 41, 命中 15, 未命中 26
  [问题] 未命中锚点: b22-toc-0003 2 找春天 keys=['找春天', '2找春天']
  [问题] 未命中锚点: b22-toc-0004 3 开满鲜花的小路 keys=['开满鲜花的小路', '3开满鲜花的小路']
  [问题] 未命中锚点: b22-toc-0005 4 邓小平爷爷植树 keys=['邓小平爷爷植树', '4邓小平爷爷植树']
  [问题] 未命中锚点: b22-toc-0007 快乐读书吧 keys=['快乐读书吧']
  [问题] 未命中锚点: b22-toc-0008 1 神州谣 keys=['神州谣', '1神州谣']
  [问题] 未命中锚点: b22-toc-0014 5 雷锋叔叔，你在哪里 keys=['雷锋叔叔，你在哪里', '5雷锋叔叔，你在哪里']
  [问题] 未命中锚点: b22-toc-0015 6 千人糕 keys=['千人糕', '6千人糕']
  [问题] 未命中锚点: b22-toc-0016 7 我不是最弱小的 keys=['我不是最弱小的', '7我不是最弱小的']
  [问题] 未命中锚点: b22-toc-0017 语文园地二 keys=['语文园地二']
  [问题] 未命中锚点: b22-toc-0019 8 彩色的梦 keys=['彩色的梦', '8彩色的梦']
  [问题] 未命中锚点: b22-toc-0020 9 一匹出色的马 keys=['一匹出色的马', '9一匹出色的马']
  [问题] 未命中锚点: b22-toc-0021 10 枫树上的喜鹊 keys=['枫树上的喜鹊', '10枫树上的喜鹊']
  [问题] 未命中锚点: b22-toc-0025 亡羊补牢 keys=['亡羊补牢']
  [问题] 未命中锚点: b22-toc-0026 揠苗助长 keys=['揠苗助长']
  [问题] 未命中锚点: b22-toc-0027 12 画杨桃 keys=['画杨桃', '12画杨桃']
  [问题] 未命中锚点: b22-toc-0028 13 小马过河 keys=['小马过河', '13小马过河']
  [问题] 未命中锚点: b22-toc-0034 15 雷雨 keys=['雷雨', '15雷雨']
  [问题] 未命中锚点: b22-toc-0035 16 要是你在野外迷了路 keys=['要是你在野外迷了路', '16要是你在野外迷了路']
  [问题] 未命中锚点: b22-toc-0036 17 太空生活趣事多 keys=['太空生活趣事多', '17太空生活趣事多']
  [问题] 未命中锚点: b22-toc-0039 18 大象的耳朵 keys=['大象的耳朵', '18大象的耳朵']
  [问题] 未命中锚点: b22-toc-0040 19 蜘蛛开店 keys=['蜘蛛开店', '19蜘蛛开店']
  [问题] 未命中锚点: b22-toc-0041 20 青蛙卖泥塘 keys=['青蛙卖泥塘', '20青蛙卖泥塘']
  [问题] 未命中锚点: b22-toc-0042 21 小毛虫 keys=['小毛虫', '21小毛虫']
  [问题] 未命中锚点: b22-toc-0045 22 羿射九日 keys=['羿射九日', '22羿射九日']
  [问题] 未命中锚点: b22-toc-0046 23 黄帝的传说 keys=['黄帝的传说', '23黄帝的传说']
  [问题] 未命中锚点: b22-toc-0047 24 大禹治水 keys=['大禹治水', '24大禹治水']
已写入: D:\ah21\textbook-parser\output\2026-09-16\b22_正文分块.json
已写入: D:\ah21\textbook-parser\output\2026-09-16\b22_正文分块.md
控制台输出已同步写入日志: D:\ah21\textbook-parser\output\2026-09-16\b22_正文分块.log
