# textbook-parser toc-chunk
# time: 2026-09-29T16:21:53
# argv: D:\ah21\textbook-parser\src\textbook_parser\__main__.py toc-chunk --project-root . --batch 2026-09-16 --books --continue-on-error
# book_code: b31
# log_file: D:\ah21\textbook-parser\output\2026-09-16\b31_正文分块.log
# 以下 stdout/stderr 均写入本日志（含警告、错误与提取器提示）。
# project_root: D:\ah21\textbook-parser
# batch: 2026-09-16
# output: D:\ah21\textbook-parser\output\2026-09-16

正文分块: 条目 54, 命中 10, 未命中 44
  [问题] 未命中锚点: b31-toc-0002 1 大青树下的小学 keys=['大青树下的小学', '1大青树下的小学']
  [问题] 未命中锚点: b31-toc-0003 2 花的学校 keys=['花的学校', '2花的学校']
  [问题] 未命中锚点: b31-toc-0004 3* 不懂就要问 keys=['不懂就要问', '3不懂就要问', '3*不懂就要问']
  [问题] 未命中锚点: b31-toc-0005 口语交际 我的暑假生活 keys=['口语交际我的暑假生活']
  [问题] 未命中锚点: b31-toc-0006 习作 猜猜他是谁 keys=['习作猜猜他是谁']
  [问题] 未命中锚点: b31-toc-0007 语文园地 keys=['语文园地']
  [问题] 未命中锚点: b31-toc-0011 山行 keys=['山行']
  [问题] 未命中锚点: b31-toc-0013 5 铺满金色巴掌的水泥道 keys=['铺满金色巴掌的水泥道', '5铺满金色巴掌的水泥道']
  [问题] 未命中锚点: b31-toc-0014 6 秋天的雨 keys=['秋天的雨', '6秋天的雨']
  [问题] 未命中锚点: b31-toc-0015 7* 听听，秋的声音 keys=['听听，秋的声音', '7听听，秋的声音', '7*听听，秋的声音']
  [问题] 未命中锚点: b31-toc-0016 习作 写日记 keys=['习作写日记']
  [问题] 未命中锚点: b31-toc-0017 语文园地 keys=['语文园地']
  [问题] 未命中锚点: b31-toc-0019 8 总也倒不了的老屋 keys=['总也倒不了的老屋', '8总也倒不了的老屋']
  [问题] 未命中锚点: b31-toc-0020 9* 犟龟 keys=['犟龟', '9犟龟', '9*犟龟']
  [问题] 未命中锚点: b31-toc-0021 10* 小狗学叫 keys=['小狗学叫', '10小狗学叫', '10*小狗学叫']
  [问题] 未命中锚点: b31-toc-0022 口语交际 名字里的故事 keys=['口语交际名字里的故事']
  [问题] 未命中锚点: b31-toc-0023 习作 续写故事 keys=['习作续写故事']
  [问题] 未命中锚点: b31-toc-0024 语文园地 keys=['语文园地']
  [问题] 未命中锚点: b31-toc-0027 12 在牛肚子里旅行 keys=['在牛肚子里旅行', '12在牛肚子里旅行']
  [问题] 未命中锚点: b31-toc-0028 13* 一块奶酪 keys=['一块奶酪', '13一块奶酪', '13*一块奶酪']
  [问题] 未命中锚点: b31-toc-0029 习作 我来编童话 keys=['习作我来编童话']
  [问题] 未命中锚点: b31-toc-0030 语文园地 keys=['语文园地']
  [问题] 未命中锚点: b31-toc-0031 快乐读书吧 keys=['快乐读书吧']
  [问题] 未命中锚点: b31-toc-0033 14 搭船的鸟 keys=['搭船的鸟', '14搭船的鸟']
  [问题] 未命中锚点: b31-toc-0034 15 金色的草地 keys=['金色的草地', '15金色的草地']
  [问题] 未命中锚点: b31-toc-0035 习作 我们眼中的缤纷世界 keys=['习作我们眼中的缤纷世界']
  [问题] 未命中锚点: b31-toc-0036 我家的小狗 keys=['我家的小狗']
  [问题] 未命中锚点: b31-toc-0042 19* 香港，璀璨的明珠 keys=['香港，璀璨的明珠', '19香港，璀璨的明珠', '19*香港，璀璨的明珠']
  [问题] 未命中锚点: b31-toc-0043 习作 这儿真美 keys=['习作这儿真美']
  [问题] 未命中锚点: b31-toc-0044 语文园地 keys=['语文园地']
  [问题] 未命中锚点: b31-toc-0047 鹿柴 keys=['鹿柴']
  [问题] 未命中锚点: b31-toc-0048 望天门山 keys=['望天门山']
  [问题] 未命中锚点: b31-toc-0049 饮湖上初晴后雨 keys=['饮湖上初晴后雨']
  [问题] 未命中锚点: b31-toc-0050 21 大自然的声音 keys=['大自然的声音', '21大自然的声音']
  [问题] 未命中锚点: b31-toc-0051 22 读不完的大书 keys=['读不完的大书', '22读不完的大书']
  [问题] 未命中锚点: b31-toc-0052 口语交际 身边的“小事” keys=['口语交际身边的“小事”']
  [问题] 未命中锚点: b31-toc-0053 习作 我有一个想法 keys=['习作我有一个想法']
  [问题] 未命中锚点: b31-toc-0054 语文园地 keys=['语文园地']
  [问题] 未命中锚点: b31-toc-0057 24 一定要争气 keys=['一定要争气', '24一定要争气']
  [问题] 未命中锚点: b31-toc-0058 25 手术台就是阵地 keys=['手术台就是阵地', '25手术台就是阵地']
  [问题] 未命中锚点: b31-toc-0059 26* 一个粗瓷大碗 keys=['一个粗瓷大碗', '26一个粗瓷大碗', '26*一个粗瓷大碗']
  [问题] 未命中锚点: b31-toc-0060 口语交际 请教 keys=['口语交际请教']
  [问题] 未命中锚点: b31-toc-0061 习作 那次经历真难忘 keys=['习作那次经历真难忘']
  [问题] 未命中锚点: b31-toc-0062 语文园地 keys=['语文园地']
已写入: D:\ah21\textbook-parser\output\2026-09-16\b31_正文分块.json
已写入: D:\ah21\textbook-parser\output\2026-09-16\b31_正文分块.md
控制台输出已同步写入日志: D:\ah21\textbook-parser\output\2026-09-16\b31_正文分块.log
