# textbook-parser toc-chunk
# time: 2026-09-29T16:21:54
# argv: D:\ah21\textbook-parser\src\textbook_parser\__main__.py toc-chunk --project-root . --batch 2026-09-16 --books --continue-on-error
# book_code: b32
# log_file: D:\ah21\textbook-parser\output\2026-09-16\b32_正文分块.log
# 以下 stdout/stderr 均写入本日志（含警告、错误与提取器提示）。
# project_root: D:\ah21\textbook-parser
# batch: 2026-09-16
# output: D:\ah21\textbook-parser\output\2026-09-16

正文分块: 条目 56, 命中 8, 未命中 48
  [问题] 未命中锚点: b32-toc-0003 绝句 keys=['绝句']
  [问题] 未命中锚点: b32-toc-0004 惠崇春江晚景 keys=['惠崇春江晚景']
  [问题] 未命中锚点: b32-toc-0005 三衢道中 keys=['三衢道中']
  [问题] 未命中锚点: b32-toc-0007 3 荷花 keys=['荷花', '3荷花']
  [问题] 未命中锚点: b32-toc-0008 4* 昆虫备忘录 keys=['昆虫备忘录', '4昆虫备忘录', '4*昆虫备忘录']
  [问题] 未命中锚点: b32-toc-0009 口语交际 春游去哪里 keys=['口语交际春游去哪里']
  [问题] 未命中锚点: b32-toc-0010 习作 我的植物朋友 keys=['习作我的植物朋友']
  [问题] 未命中锚点: b32-toc-0011 语文园地 keys=['语文园地']
  [问题] 未命中锚点: b32-toc-0013 5 守株待兔 keys=['守株待兔', '5守株待兔']
  [问题] 未命中锚点: b32-toc-0014 6 会摇尾巴的狼 keys=['会摇尾巴的狼', '6会摇尾巴的狼']
  [问题] 未命中锚点: b32-toc-0015 7 鹿角和鹿腿 keys=['鹿角和鹿腿', '7鹿角和鹿腿']
  [问题] 未命中锚点: b32-toc-0016 8* 池子与河流 keys=['池子与河流', '8池子与河流', '8*池子与河流']
  [问题] 未命中锚点: b32-toc-0017 口语交际 劝告 keys=['口语交际劝告']
  [问题] 未命中锚点: b32-toc-0018 习作 看图画，写一写 keys=['习作看图画，写一写']
  [问题] 未命中锚点: b32-toc-0019 语文园地 keys=['语文园地']
  [问题] 未命中锚点: b32-toc-0020 快乐读书吧 keys=['快乐读书吧']
  [问题] 未命中锚点: b32-toc-0022 9 海底世界 keys=['海底世界', '9海底世界']
  [问题] 未命中锚点: b32-toc-0023 10 石蜂 keys=['石蜂', '10石蜂']
  [问题] 未命中锚点: b32-toc-0024 11* 小虾 keys=['小虾', '11小虾', '11*小虾']
  [问题] 未命中锚点: b32-toc-0025 习作 我做了一项小实验 keys=['习作我做了一项小实验']
  [问题] 未命中锚点: b32-toc-0026 语文园地 keys=['语文园地']
  [问题] 未命中锚点: b32-toc-0029 元日 keys=['元日']
  [问题] 未命中锚点: b32-toc-0030 清明 keys=['清明']
  [问题] 未命中锚点: b32-toc-0032 13 纸的发明 keys=['纸的发明', '13纸的发明']
  [问题] 未命中锚点: b32-toc-0033 14 赵州桥 keys=['赵州桥', '14赵州桥']
  [问题] 未命中锚点: b32-toc-0034 15* 一幅名扬中外的画 keys=['一幅名扬中外的画', '15一幅名扬中外的画', '15*一幅名扬中外的画']
  [问题] 未命中锚点: b32-toc-0036 语文园地 keys=['语文园地']
  [问题] 未命中锚点: b32-toc-0039 17 我变成了一棵树 keys=['我变成了一棵树', '17我变成了一棵树']
  [问题] 未命中锚点: b32-toc-0040 习作 奇妙的想象 keys=['习作奇妙的想象']
  [问题] 未命中锚点: b32-toc-0041 一支铅笔的梦想 keys=['一支铅笔的梦想']
  [问题] 未命中锚点: b32-toc-0042 尾巴它有一只猫 keys=['尾巴它有一只猫']
  [问题] 未命中锚点: b32-toc-0045 19 肥皂泡 keys=['肥皂泡', '19肥皂泡']
  [问题] 未命中锚点: b32-toc-0046 20 灰雀 keys=['灰雀', '20灰雀']
  [问题] 未命中锚点: b32-toc-0047 21* 我不能失信 keys=['我不能失信', '21我不能失信', '21*我不能失信']
  [问题] 未命中锚点: b32-toc-0048 口语交际 应该怎样安排座位 keys=['口语交际应该怎样安排座位']
  [问题] 未命中锚点: b32-toc-0049 习作 身边那些有特点的人 keys=['习作身边那些有特点的人']
  [问题] 未命中锚点: b32-toc-0050 语文园地 keys=['语文园地']
  [问题] 未命中锚点: b32-toc-0052 22 火烧云 keys=['火烧云', '22火烧云']
  [问题] 未命中锚点: b32-toc-0053 23 暴风雨来临之前 keys=['暴风雨来临之前', '23暴风雨来临之前']
  [问题] 未命中锚点: b32-toc-0054 24 我们奇妙的世界 keys=['我们奇妙的世界', '24我们奇妙的世界']
  [问题] 未命中锚点: b32-toc-0055 习作 国宝大熊猫 keys=['习作国宝大熊猫']
  [问题] 未命中锚点: b32-toc-0056 语文园地 keys=['语文园地']
  [问题] 未命中锚点: b32-toc-0059 26 漏 keys=['26漏']
  [问题] 未命中锚点: b32-toc-0060 27* 枣核 keys=['枣核', '27枣核', '27*枣核']
  [问题] 未命中锚点: b32-toc-0061 口语交际 趣味故事会 keys=['口语交际趣味故事会']
  [问题] 未命中锚点: b32-toc-0062 习作 这样想象真有趣 keys=['习作这样想象真有趣']
  [问题] 未命中锚点: b32-toc-0063 语文园地 keys=['语文园地']
  [问题] 未命中锚点: b32-toc-0064 1 古诗三首 keys=['古诗三首', '1古诗三首']
已写入: D:\ah21\textbook-parser\output\2026-09-16\b32_正文分块.json
已写入: D:\ah21\textbook-parser\output\2026-09-16\b32_正文分块.md
控制台输出已同步写入日志: D:\ah21\textbook-parser\output\2026-09-16\b32_正文分块.log
