# textbook-parser toc-chunk
# time: 2026-09-29T16:21:55
# argv: D:\ah21\textbook-parser\src\textbook_parser\__main__.py toc-chunk --project-root . --batch 2026-09-16 --books --continue-on-error
# book_code: b41
# log_file: D:\ah21\textbook-parser\output\2026-09-16\b41_正文分块.log
# 以下 stdout/stderr 均写入本日志（含警告、错误与提取器提示）。
# project_root: D:\ah21\textbook-parser
# batch: 2026-09-16
# output: D:\ah21\textbook-parser\output\2026-09-16

正文分块: 条目 58, 命中 11, 未命中 47
  [问题] 未命中锚点: b41-toc-0002 1 观潮 keys=['观潮', '1观潮']
  [问题] 未命中锚点: b41-toc-0003 2 繁星 keys=['繁星', '2繁星']
  [问题] 未命中锚点: b41-toc-0005 秋晚的江上 keys=['秋晚的江上']
  [问题] 未命中锚点: b41-toc-0006 花牛歌 keys=['花牛歌']
  [问题] 未命中锚点: b41-toc-0007 口语交际 我们与环境 keys=['口语交际我们与环境']
  [问题] 未命中锚点: b41-toc-0008 习作 推荐一个好地方 keys=['习作推荐一个好地方']
  [问题] 未命中锚点: b41-toc-0009 语文园地 keys=['语文园地']
  [问题] 未命中锚点: b41-toc-0012 5 夜间飞行的秘密 keys=['夜间飞行的秘密', '5夜间飞行的秘密']
  [问题] 未命中锚点: b41-toc-0013 6 方帽子店 keys=['方帽子店', '6方帽子店']
  [问题] 未命中锚点: b41-toc-0014 7* 田忌赛马 keys=['田忌赛马', '7田忌赛马', '7*田忌赛马']
  [问题] 未命中锚点: b41-toc-0015 习作 我的家人 keys=['习作我的家人']
  [问题] 未命中锚点: b41-toc-0016 语文园地 keys=['语文园地']
  [问题] 未命中锚点: b41-toc-0019 暮江吟 keys=['暮江吟']
  [问题] 未命中锚点: b41-toc-0021 雪梅 keys=['雪梅']
  [问题] 未命中锚点: b41-toc-0022 9 爬山虎的脚 keys=['爬山虎的脚', '9爬山虎的脚']
  [问题] 未命中锚点: b41-toc-0023 10 蟋蟀的住宅 keys=['蟋蟀的住宅', '10蟋蟀的住宅']
  [问题] 未命中锚点: b41-toc-0024 口语交际 爱护眼睛，保护视力 keys=['口语交际爱护眼睛，保护视力']
  [问题] 未命中锚点: b41-toc-0025 习作 写观察日记 keys=['习作写观察日记']
  [问题] 未命中锚点: b41-toc-0026 语文园地 keys=['语文园地']
  [问题] 未命中锚点: b41-toc-0028 11 盘古开天地 keys=['盘古开天地', '11盘古开天地']
  [问题] 未命中锚点: b41-toc-0029 12 精卫填海 keys=['精卫填海', '12精卫填海']
  [问题] 未命中锚点: b41-toc-0031 14* 女娲补天 keys=['女娲补天', '14女娲补天', '14*女娲补天']
  [问题] 未命中锚点: b41-toc-0032 习作 我和  过一天 keys=['习作我和过一天']
  [问题] 未命中锚点: b41-toc-0033 语文园地 keys=['语文园地']
  [问题] 未命中锚点: b41-toc-0034 快乐读书吧 keys=['快乐读书吧']
  [问题] 未命中锚点: b41-toc-0036 15 麻雀 keys=['麻雀', '15麻雀']
  [问题] 未命中锚点: b41-toc-0037 16 爬天都峰 keys=['爬天都峰', '16爬天都峰']
  [问题] 未命中锚点: b41-toc-0038 习作 生活万花筒 keys=['习作生活万花筒']
  [问题] 未命中锚点: b41-toc-0039 我家的杏熟了 keys=['我家的杏熟了']
  [问题] 未命中锚点: b41-toc-0040 小木船 keys=['小木船']
  [问题] 未命中锚点: b41-toc-0041 口语交际 安慰 keys=['口语交际安慰']
  [问题] 未命中锚点: b41-toc-0043 17 长城 keys=['长城', '17长城']
  [问题] 未命中锚点: b41-toc-0045 19* 秦兵马俑 keys=['秦兵马俑', '19秦兵马俑', '19*秦兵马俑']
  [问题] 未命中锚点: b41-toc-0046 口语交际 我是小小讲解员 keys=['口语交际我是小小讲解员']
  [问题] 未命中锚点: b41-toc-0047 习作 中国的世界文化遗产 keys=['习作中国的世界文化遗产']
  [问题] 未命中锚点: b41-toc-0048 语文园地 keys=['语文园地']
  [问题] 未命中锚点: b41-toc-0052 22* 陀螺 keys=['陀螺', '22陀螺', '22*陀螺']
  [问题] 未命中锚点: b41-toc-0054 习作 我的心儿怦怦跳 keys=['习作我的心儿怦怦跳']
  [问题] 未命中锚点: b41-toc-0055 语文园地 keys=['语文园地']
  [问题] 未命中锚点: b41-toc-0057 24 我将无我，不负人民 keys=['我将无我，不负人民', '24我将无我，不负人民']
  [问题] 未命中锚点: b41-toc-0059 26* 延安，我把你追寻 keys=['延安，我把你追寻', '26延安，我把你追寻', '26*延安，我把你追寻']
  [问题] 未命中锚点: b41-toc-0061 凉州词 keys=['凉州词']
  [问题] 未命中锚点: b41-toc-0062 出塞 keys=['出塞']
  [问题] 未命中锚点: b41-toc-0063 夏日绝句 keys=['夏日绝句']
  [问题] 未命中锚点: b41-toc-0064 习作 写信 keys=['习作写信']
  [问题] 未命中锚点: b41-toc-0065 语文园地 keys=['语文园地']
  [问题] 未命中锚点: b41-toc-0066 1 观  潮 ① keys=['观潮①', '1观潮①']
已写入: D:\ah21\textbook-parser\output\2026-09-16\b41_正文分块.json
已写入: D:\ah21\textbook-parser\output\2026-09-16\b41_正文分块.md
控制台输出已同步写入日志: D:\ah21\textbook-parser\output\2026-09-16\b41_正文分块.log
