# textbook-parser toc-chunk
# time: 2026-09-29T16:21:55
# argv: D:\ah21\textbook-parser\src\textbook_parser\__main__.py toc-chunk --project-root . --batch 2026-09-16 --books --continue-on-error
# book_code: b42
# log_file: D:\ah21\textbook-parser\output\2026-09-16\b42_正文分块.log
# 以下 stdout/stderr 均写入本日志（含警告、错误与提取器提示）。
# project_root: D:\ah21\textbook-parser
# batch: 2026-09-16
# output: D:\ah21\textbook-parser\output\2026-09-16

正文分块: 条目 60, 命中 36, 未命中 24
  [问题] 未命中锚点: b42-toc-0004 宿新市徐公店 keys=['宿新市徐公店']
  [问题] 未命中锚点: b42-toc-0009 口语交际 转述 keys=['口语交际转述']
  [问题] 未命中锚点: b42-toc-0010 习作 我的乐园 keys=['习作我的乐园']
  [问题] 未命中锚点: b42-toc-0011 语文园地 keys=['语文园地']
  [问题] 未命中锚点: b42-toc-0016 口语交际 说新闻 keys=['口语交际说新闻']
  [问题] 未命中锚点: b42-toc-0017 习作 我的奇思妙想 keys=['习作我的奇思妙想']
  [问题] 未命中锚点: b42-toc-0018 语文园地 keys=['语文园地']
  [问题] 未命中锚点: b42-toc-0019 快乐读书吧 keys=['快乐读书吧']
  [问题] 未命中锚点: b42-toc-0028 语文园地 keys=['语文园地']
  [问题] 未命中锚点: b42-toc-0033 习作 我的动物朋友 keys=['习作我的动物朋友']
  [问题] 未命中锚点: b42-toc-0034 语文园地 keys=['语文园地']
  [问题] 未命中锚点: b42-toc-0043 囊萤夜读 keys=['囊萤夜读']
  [问题] 未命中锚点: b42-toc-0044 铁杵成针 keys=['铁杵成针']
  [问题] 未命中锚点: b42-toc-0048 口语交际 朋友相处的秘诀 keys=['口语交际朋友相处的秘诀']
  [问题] 未命中锚点: b42-toc-0049 习作 我学会了 keys=['习作我学会了']
  [问题] 未命中锚点: b42-toc-0050 语文园地 keys=['语文园地']
  [问题] 未命中锚点: b42-toc-0053 芙蓉楼送辛渐 keys=['芙蓉楼送辛渐']
  [问题] 未命中锚点: b42-toc-0055 墨梅 keys=['墨梅']
  [问题] 未命中锚点: b42-toc-0059 口语交际 自我介绍 keys=['口语交际自我介绍']
  [问题] 未命中锚点: b42-toc-0060 习作 我的“自画像” keys=['习作我的“自画像”']
  [问题] 未命中锚点: b42-toc-0061 语文园地 keys=['语文园地']
  [问题] 未命中锚点: b42-toc-0066 习作 故事新编 keys=['习作故事新编']
  [问题] 未命中锚点: b42-toc-0067 语文园地 keys=['语文园地']
  [问题] 未命中锚点: b42-toc-0068 1 古诗词三首 keys=['古诗词三首', '1古诗词三首']
已写入: D:\ah21\textbook-parser\output\2026-09-16\b42_正文分块.json
已写入: D:\ah21\textbook-parser\output\2026-09-16\b42_正文分块.md
控制台输出已同步写入日志: D:\ah21\textbook-parser\output\2026-09-16\b42_正文分块.log
