# book_code: b51
# extractor: 目录

  例文
标 *的是略读课文。第二单元是阅读策略
单元，第五单元是习作单元。
          第
          一
一花一鸟总关情。  单
          元
         感受万物生灵，领悟爱与生命的意义。
     ◎ 初步体会文章借助具体事物表达的思想感情。
     ◎ 写一种心爱的事物，表达自己的感情。
（图）谢稚柳  绘
1
阅读  1 桂花雨 ①
       中秋节前后，正是故乡桂花盛开的时节。
       小时候，我无论对什么花，都不懂得欣赏。父亲总是指指点点
 地告诉我，这是梅花，那是木兰花……但我除了记些名字外，并不
 喜欢。我喜欢的是桂花。桂花树的样子笨笨的，不像梅树那样有姿
 态。不开花时，只见到满树的叶子；开花时，仔细地在树丛里寻
 找，才能看到那些小花。可是桂花的香气，太迷人了。
       故乡靠海，八月是台风季节。桂花一开，母亲就开始担心了：
“ 可别来台风啊！”母亲每天都要在前后院子走一回，嘴里念着：
“ 只要不来台风，我就可以收几大箩。送一箩给胡家老爷爷，送一
 箩给毛家老婆婆，他们两家糕饼做得多。”
       桂花盛开的时候，不说香飘十里，至少前后左右十几家邻居，
 没有不浸在桂花香里的。桂花成熟时，就应当“摇”。摇下来的桂
 花，朵朵完整、新鲜。如果让它开过了，落在泥土里，尤其是被风
 吹落，比摇下来的香味就差多了。
       摇花对我来说是件大事，我总是缠着母亲问：“ 妈，怎么还不
 摇桂花呢？”母亲说：“ 还早呢，花开的时间太短，摇不下来的。”
 可是母亲一看天上布满阴云，就知道要来台风了，赶紧叫大家提前
 摇桂花。这下，我可乐了，帮大人抱着桂花树，使劲地摇。摇哇
 摇，桂花纷纷落下来，我们满头满身都是桂花。我喊着：“ 啊！真像
 ① 本文作者琦（qI）君（1917—2006），选作课文时有改动。
 2
luY
 下雨，好香的雨呀！”
       桂花摇落以后，挑去小枝小
 叶，晒上几天太阳，收在铁盒子
 里，可以加在茶叶里泡茶，过年
 时还可以做糕饼。全年，整个村
 子都浸在桂花的香气里。
       我念中学的时候，全家到了杭州。杭
 州有一处小山，全是桂花树，花开时那才
 是 香 飘 十 里。 秋 天， 我 常 到 那 儿 去 赏 桂
 花。回家时，总要捡一大袋桂花给母亲。
 可是母亲说：“ 这里的桂花再香，也比不
 上家乡院子里的桂花。”
       于是，我又想起了在故乡童年时代的
“摇花乐”，还有那摇落的阵阵桂花雨。
      欣兰笨靠婆
      糕饼浸茶
hWng
箩  杭
3
   有感情地朗读课文。说说桂花给“我”带来了哪些美好的回忆。
   读下面的句子，体会其中蕴含的情感。
   ◇ 桂花盛开的时候，不说香飘十里，至少前后左右十几家邻居，没有不
       浸在桂花香里的。
   ◇ 这下，我可乐了，帮大人抱着桂花树，使劲地摇。摇哇摇，桂花纷纷落
       下来，我们满头满身都是桂花。我喊着：“ 啊！真像下雨，好香的雨呀！”
   联系下面的“阅读链接”，说说“这里的桂花再香，也比不上家乡院子里
   的桂花”这句话的含义。
   阅读链接
   每回写到我的家人与师友，我都禁不住热泪盈眶。我忘不了他们对
   我的关爱，我也珍惜自己对他们的这一份情。像树木花草似的，谁能没
   有根呢？我常常想，我若能忘掉亲人师友，忘掉童年，忘掉故乡，我若
   能不再哭，我宁愿搁下笔，此生永不再写，然而，这怎么可能呢？
         ……
         面对着姹紫嫣红的春日，或月凉似水的秋夜，我想念的是故乡矮墙
   外碧绿的稻田，与庭院中淡雅的木樨花香。我相信，心灵如此敏感的，
   该不止我一个人吧！
   我是沉醉在个人的哀乐中吗？我是在逃避现实吗？不，不是的。虽
   然日历纸一页页飞过去不会再回头，但我总得望着前面，前面还有一大
   段路要走。我总希望以壮健的身心回到故乡，在先人的庐墓边安居下
   来，享受壮阔的山水田园之美，呼吸芬芳静谧的空气。我要与梦寐中曾
   几度相见的人们，真正地紧握着手，畅叙别后离情。我渴望着那一天，
   难道那一天会遥远吗？不会吧。
              —选自琦君的《留予他年说梦痕》，有改动。
4
chS yQn
xU
mK  mFi
      我们家的后园有半亩空地。母亲说：“ 让它荒着怪可惜的，你
们那么爱吃花生，就开辟出来种花生吧。”我们姐弟几个都很高兴，
买种，翻地，播种，浇水，没过几个月，居然收获了。
      母亲说：“ 今晚我们过一个收获节，请你们的父亲也来尝尝我
们的新花生，好不好？”母亲把花生做成了好几样食品，还吩咐就
在后园的茅亭里过这个节。
      那晚的天色不大好，可是父亲也来了，实在很难得。
      父亲说：“ 你们爱吃花生吗？”
      我们争着回答：“ 爱！”
    “谁能把花生的好处说出来？”
      姐姐说：“ 花生的味道很美。”
      哥哥说：“ 花生可以榨油。”
      我说：“ 花生的价钱便宜，谁都可以买来吃，都喜欢吃。这就
是它的好处。”
      父亲说：“ 花生的好处很多，有一样最可贵。它的果实埋在地
里，不像桃子、石榴②、苹果那样，把鲜红嫩绿的果实高高地挂在
枝上，使人一见就生爱慕之心。你们看它矮矮地长在地上，等到成
① 本文作者许地山（1893—1941），选作课文时有改动。
② 本册教科书按本音标注汉字字音，其中用棕色拼音标注的字在这里改读轻声。
mL
fEn
zhS
liP
5
熟了，也不能立刻分辨出来它有没有果实，必须挖起来才知道。”
      我们都说是，母亲也点点头。
      父亲接下去说：“ 所以你们要像花生，它虽然不好看，可是很
有用。”
      我说：“ 那么，人要做有用的人，不要做只讲体面，而对别人
没有好处的人。”
      父亲说：“ 对。这是我对你们的希望。”
      我们谈到深夜才散。花生做的食品都吃完了，父亲的话却深深
地印在我的心上。
       亩荒播浇吩咐茅亭矮
     分角色朗读课文。说说课文围绕“落花生”写了哪些内容。
     从课文中的对话可以看出花生具有什么特点？ 父亲想借花生告诉“我们”
     什么道理？
     小练笔
   花生会让我们想到那些默默无闻作贡献的人。看到下面的事物，你
     会想到哪些人？选择其中一个，试着写一段话。
           竹子  梅花  蜜蜂  路灯
6
亩  吩  榨  榴
          中有很多地方写出了珍珠鸟的可爱，找出这样的语句，体会“我”
          和珍珠鸟之间的情意。
      真好！朋友送我一对珍珠鸟，放在一个简易的竹条编成的笼子
里，笼内还有一卷干草，那是小鸟舒适又温暖的巢。
      有人说，这是一种怕人的鸟。
      我把鸟笼挂在窗前。那儿还有一大盆异常茂盛的法国吊兰。我
便用吊兰长长的、串生着小绿叶的垂蔓蒙盖在鸟笼上。它们就像躲进
    yTu
深幽的丛林一样安全，从中传出的笛儿般又细又亮的叫声，也就格外
轻松自在了。小鸟的影子就在这中间隐约闪动，看不完整，有时连笼
子也看不出，却见它们可爱的鲜红小嘴从绿叶中伸出来。
      我很少扒开垂蔓瞧它们，它们便渐渐敢伸出小脑袋瞅瞅我。我
们就这样一点点熟悉了。
      三个月后，那一团越发繁茂的垂蔓里边，发出一种尖细又娇嫩
的鸣叫。我猜到，是它们有了雏儿。我呢，决不掀开叶片往里看，连
添食加水时也不睁大好奇的眼睛去惊动它们。过不多久，忽然有一
个更小的脑袋从叶间探出来。哟，雏儿！正是这小家伙！
      它小，就能轻易地由疏格的笼子里钻出来。瞧，多么像它的父
母：红嘴红脚，灰蓝色的毛，只是后背还没生出珍珠似的圆圆的白
点。它好肥，整个身子好像一个蓬松的球儿。
      起先，这小家伙只在笼子四周活动，随后就在屋里飞来飞去，
① 本文作者冯骥（jK）才，选作课文时有改动。
默读课文，想想“我”是怎样逐渐得到珍珠鸟的信赖的。课文
xU
chP
yT
7
一会儿落在柜顶上，一会儿神气十足地站在书架上，啄着书脊上那
些大文豪的名字，一会儿把灯绳撞得来回摇动，跟着逃到画框上去
了。只要大鸟在笼里生气地叫一声，它就立即飞回笼里去。
      我不管它。这样久了，打开窗子，它最多只在窗框上站一会儿，
决不飞出去。
      渐渐它胆子大了，就落在我的书桌上。它先是离我较远，见我
不去伤害它，便一点点挨近，然后蹦到我的杯子上，俯下头来喝
茶，再偏过脸瞧瞧我的反应。我只是微微一笑，依旧写东西。它就
放开胆子跑到稿纸上，绕着我的笔尖蹦来蹦去，跳动的小红爪子在
纸上发出嚓嚓的响声。
      我不动声色地写，默默享受着这小家伙亲近的情意。这样，
它完全放心了，索性用那涂了蜡似的小红嘴，嗒嗒地啄着我颤动
的笔尖。我用手抚一抚它细腻的绒毛，它也不怕，反而友好地啄
两下我的手指。
      白天，它这样淘气地陪伴我；天色入暮，它就在父母再三的呼
唤声中，飞向笼子，扭动滚圆的身子，挤开那些绿叶钻进去。
      有一天，我伏案写作时，它居然落到我的肩上。我手中的笔不觉
停了，生怕惊跑它。待一会儿，扭头看，这小家伙竟趴在我的肩头睡
着了，银灰色的眼睑盖住眸子，小红爪子刚好被胸脯上长长的绒毛盖
住。我轻轻抬一抬肩，它没醒，睡得好熟！还咂咂嘴，难道在做梦？
      我笔尖一动，流泻下一时的感受：
      信赖，往往创造出美好的境界。
              悉  雏  哟  嚓  嗒  抚  陪  睑  泻
8
cQ
dQ
fL
pRi
jiAn mYu
zQ
xiF
      俗话说：“ 没有规矩，不成方圆。”班级公约是同学们共同制定、认可的规
则。制定班级公约，可以营造良好的学习环境，建设团结友爱的班集体。
    ◇  提出班级建设的目标。
       班级公约应该根据班级的实际情况来制定。针对学习、纪律、卫生
    等方面，全班讨论班级想要达到的目标。
    ◇  分组讨论，形成小组意见。
       根据班级建设的目标，每位同学写出两三条自己认为比较重要的公
    约内容。再分组讨论，去除不合理的和重复的部分，形成小组意见。公
    约内容要具体，便于落实。
    ◇  全班表决，形成公约。
       小组汇报讨论结果。全班同学逐条表决，形成班级公约。
      把班级公约写下来并张贴在教室里。班里的每一位同学都要自觉遵守。
制定班级公约
◎ 发言时要控制时间。
◎ 讨论后作小结，既总结大家的
共同意见，也说明不同意见。
9
      每个人都有自己钟爱的东西，像琦君笔下故乡的桂花，冯骥才眼中可爱
的珍珠鸟。你的心爱之物是什么？
      是你最爱的玩具小熊，还是你亲手制作的陶罐？
      是你养了三年的绿毛龟，还是你在海滩上拾到的贝壳？
      是爸爸奖励你的旱冰鞋，还是妈妈在寒冷冬夜为你赶织的围巾？
      是好朋友转学时送你的风铃，还是你参加比赛获得的奖杯？
      ……
      想想你的心爱之物是什么，写写它是什么样子的，你是怎么得到它的，
为什么它会成为你的心爱之物，写出自己的喜爱之情。
      办一期“我的心爱之物”习作专栏，贴上习作和心爱之物的图片，和同
学分享。
10
我的心爱之物
梳理与交流
   本单元的课文中，作者借助具体事物抒发了真挚的情感或表达了深刻的
   思考。联系读过的同类文章，如《牛和鹅》，说一说你是怎样体会这类文
   章表达的思想感情的。
            想感情。如《桂花雨》中的“摇花乐”这件事，让我体会
            到作者对故乡和亲人的思念之情。
            思想感情。如，通过《落花生》中“它虽然不好看，可是
            很有用”这句话，我体会到了课文传达的做人的道理。
词句段运用
   读下面的句子，说说它们在描写事物的方法上有什么相似之处，这样写
   有什么好处。
   ◇ 它的果实埋在地里，不像桃子、石榴、苹果那样，把鲜红嫩绿的果实
       高高地挂在枝上，使人一见就生爱慕之心。
   ◇ 别的昆虫大多在临时的隐蔽所藏身。它们的隐蔽所得来不费功夫，弃去
       毫不可惜。蟋蟀和它们不同，不肯随遇而安。它常常慎重地选择住址，
       一定要排水通畅，并且有温和的阳光。
可以通过与具体事物相关的事情，体会文章表达的思
可以抓住描述事物特点的关键语句，体会文章表达的
11
    比较每组句子中加点词语的意思，根据要求写句子。
          ◇ 桂花树的样子笨笨的，不像梅树那样有姿态。
    姿态
          ◇ 大家以全新的姿态迎接新年的到来。
          ◇ 让它荒着怪可惜的，你们那么爱吃花生，就开辟出来种花生吧。
    开辟
          ◇ 人工智能的出现为人类的生活开辟了一片新天地。
          ◇（形容气候）
     温和
          ◇（形容性格）
          ◇（形容食物）
     新鲜
          ◇（表示新奇、稀罕）
日积月累
        卧虎藏龙  龙马精神  龙飞凤舞  凤毛麟角
        如虎添翼  如鱼得水  鹤立鸡群  一马当先
        鼠目寸光  抱头鼠窜  狼心狗肺  狼狈为奸
        狡兔三窟  呆若木鸡  虾兵蟹将  黔驴技穷
12
3  3
3  3
3  3
3  3
lIn
            第
            二
广然后深，博然后专。  单
            元
◎ 学习提高阅读速度的方法。
◎ 结合具体事例写出人物的特点。
13
阅读  4 冀中的地道战 ①
          力，遇到不懂的词语不要停下来，不要回读。
      1942 到 1944 那几年，日本侵略军在冀中平原上“大扫荡”，还
修筑了封锁沟和封锁墙，十里一碉，八里一堡，想搞垮我们的人民
武装。
      为了粉碎敌人的“扫荡”，冀中人民在中国共产党的领导下，
创造了新的斗争方式，这就是地道战。
      说起地道战，简直是个奇迹。在广阔平原的地底下，挖了不计
其数的地道，横的，竖的，直的，弯的，家家相连，村村相通。敌
人来了，我们就钻到地道里去，让他们扑个空；敌人走了，我们就
从地道里出来，照常种地过日子，有时候还要打击敌人。靠着地道
这种坚强的堡垒，冀中平原上的人民坚持了敌后游击战争。
      地道的式样有一百多种。就拿任丘的来说吧，村里的地道挖
在街道下面，跟别村相通的地道挖在庄稼地下面。地道有四尺多
高，个儿高的人弯着腰可以通过；地道的顶离地面三四尺，不妨
碍上面种庄稼。地道里每隔一段距离就有一个大洞，洞顶用木料
撑住，很牢靠。大洞四壁又挖了许多小洞，有的住人，有的拴牲
口，有的搁东西，有的作厕所。一个大洞容得下一百来人，最大
的能容二百多人。洞里经常准备着开水、干粮、被子、灯火，在
① 本文作者周而复（1914—2004），选作课文时有改动。
14
用较快的速度默读课文，记下所用的时间。读的时候集中注意
qUn
diQo
rRn qiO
gE
里面住上个三五天不成问题。洞里有通到地面的气孔，从气孔里
还能漏下光线来。气孔的口子都开在隐蔽的地方，敌人很难发现。
人藏在洞里，既不气闷，又不嫌暗。有的老太太把纺车也搬进来，
还嗡嗡嗡地纺线呢。
地道的出口也开在隐
蔽的地方，外面堆满荆棘。
有的还在旁边挖一个陷坑，
坑里插上尖刀或者埋上地
雷， 上 面 用 木 板 虚 盖 着，
板上铺些草，敌人一踏上
去就翻下坑里送了命。在
地道里，离出口不远的地
方 挖 几 个 特 别 坚 固 的 洞，
民 兵 拿 着 武 器 在 洞 里 警 戒。 拐 弯 的 地 方 挖 一 些 岔 道， 叫“ 迷 惑
洞”，敌人万一进来了，分不清哪条是死道，哪条是活道。进了死
道，就有地雷埋在那儿等着他们；就算进了活道，他们也过不了
关口。原来地道里每隔一段就有个很窄的“孑口”，只能容一个人
爬过去。只要一个人拿一根木棒，就可以把“孑口”守住，真是
“一夫当关，万夫莫开”。
敌人尝到了地道的厉害，想方设法来破坏，什么火攻啊，水攻
啊，毒气攻啊，都用遍了。大家又想出了许多妙法来防备。洞口准
备着土和沙，可以用来灭火。“孑口”上装着吊板，如果敌人放毒
气，就把吊板放下来挡住，不让毒气往里透。对付水攻的法子更妙
了，把地道跟枯井暗沟连接起来，敌人放水的时候，水从洞口进
（图）罗工柳  绘
guAi  chS
jiR
15
来，就流到枯井暗沟里去了。任敌人想出什么毒辣的法子也不怕，
因为各个村子的地道是相通的，大不了转移到旁的村子去。
      人在地道里怎么能了解地面上的情况呢？民兵指挥部派出一些
人分布在各处，发现了敌情就吆喝起来，一个接一个，一直传到指
挥部里。老百姓管这种吆喝叫“无线电”。地道里面可就用“有线
电”了，一根铁丝牵住一个小铜铃，这儿一拉，那儿就响，拉几下
表示什么意思是早就约好了的。为了打击敌人，什么办法都想出来
了，人民的智慧是无穷无尽的。
      有了地道战这个斗争方式，敌人毒辣透顶的“扫荡”被粉碎
了。冀中平原上的人民不但坚持了生产，还有力地打击了敌人，在
我国抗日战争史上留下了惊人的奇迹。
侵  碉  任  丘  搁  拐  岔
      锁简阔丘妨碍距厕
      陷坑兵拐铜铃抗
你读这篇课文用了几分钟？了解了哪些内容？和同学交流自己的阅读体会。
   “孑口”这个词我不太
懂， 但 不 影 响 理 解 课 文 内  一 碉， 八 里 一 堡 ”
容， 我 就 没 有 管 它， 继 续   的时候，我不太理
往下读。
     地道战取得成功的关键是什么？结合课文内容说说你的体会。
16
刚读到“十里
解，但没有回读。
          域，尽量连词成句地读，不要一个字一个字地读。
      战国时，秦国很强大，常常进攻别的国家。
      有一回，赵王得了一件无价之宝，叫和氏璧。秦王知道了，就
写了一封信给赵王，说是愿意拿十五座城换这块璧。
      赵王接到信后非常着急，立即召集大臣来商议。大家说秦王不
过是想把和氏璧骗到手罢了，不能上他的当；可要是不答应，又怕
他派兵来进攻。
      正在为难的时候，有人说有个叫蔺相如的人，勇敢机智，也许
他能解决这个难题。
      赵王把蔺相如找来，问他该怎么办。
      蔺相如想了一会儿，说：“ 如果秦国提出用城换璧，我国却不
答应，那理亏的是我们；如果我们把和氏璧给了秦国，秦国却不给
我们十五座城，那理亏的就是他们。我愿意带着和氏璧到秦国去。
如果秦王真的拿十五座城来换，我就把璧交给他；如果他不肯交出
十五座城，我一定把璧完好无缺地送回来。”于是赵王就派蔺相如
带着和氏璧去了秦国。
      蔺相如到了秦国，进宫见了秦王，献上和氏璧。秦王双手捧着
① 本文根据《史记·廉颇蔺相如列传》相关内容改写。
用较快的速度默读课文，记下所用的时间。试着扩大阅读视
bK
chRn
lKn
17
 璧，一边看一边称赞，绝口不提十五座城的事。蔺相如看这情形，
 知道秦王没有拿城换璧的诚意，就上前一步，说：“ 这块璧有点儿
 小毛病，让我指给您看。”秦王听他这么一说，就把和氏璧交给蔺
 相如。蔺相如捧着璧，往后退了几步，靠着柱子站定。他怒发冲
guQn
 冠，说：“ 我看您并不想交付十五座城。现在璧在我手里，您要是
qiAng
 强逼我，我的脑袋就和璧一起撞碎在这柱子上！”说着，他举起和
 氏璧就要向柱子上撞。秦王怕他真的把璧撞碎了，连忙说一切都好
 商量，就叫人拿出地图，把允诺划归赵国的十五座城指给他看。蔺
 相如说和氏璧是无价之宝，要举行个隆重的典礼，他才能交出来。
 秦王只好跟他约定了举行典礼的日期。
       蔺相如反复思量，觉得秦王还是不会信守承诺的，一到客舍，
 就叫手下人化了装，带着和氏璧抄小路先回赵国去了。到了举行典
 礼那一天，蔺相如进宫见了秦王，说：“ 秦国的国君历来不守信用，
 我怕有负赵王所托，已经让人把和氏璧送回赵国了。如果您有诚
 意，先把十五座城交给我国，我国马上派人把璧送来。我们怎么敢
 为了一块璧而得罪强大的秦国呢？我知道欺骗了您是死罪，您可以
 杀了我，但请好好考虑我的话。”秦王没有办法，只得客客气气地
 把蔺相如送回了赵国。
       这就是“完璧归赵”的故事。蔺相如立了功，赵王封他做
 上大夫。
       过了几年，秦王约赵王在渑池会面。赵王胆怯，不敢去。然而
 蔺相如和大将军廉颇认为对秦王不能示弱，还是去的好，赵王才决
 定动身，让蔺相如随行。廉颇带着军队送他们到边境上，作好了抵
  yM
 御秦军的准备。
 18
yLn
zuK
miAn
liWn
      赵王到了渑池与秦王会面。秦王要赵王鼓瑟。赵王不好推
 cI
辞，鼓了一段。秦王就叫人记录下来，说在渑池会上，秦王令赵
王鼓瑟。
蔺相如看秦王存心侮辱赵王，便向前走了几步，说：“ 赵王听
