# textbook-parser toc-chunk
# time: 2026-09-29T16:21:56
# argv: D:\ah21\textbook-parser\src\textbook_parser\__main__.py toc-chunk --project-root . --batch 2026-09-16 --books --continue-on-error
# book_code: b51
# log_file: D:\ah21\textbook-parser\output\2026-09-16\b51_正文分块.log
# 以下 stdout/stderr 均写入本日志（含警告、错误与提取器提示）。
# project_root: D:\ah21\textbook-parser
# batch: 2026-09-16
# output: D:\ah21\textbook-parser\output\2026-09-16

正文分块: 条目 55, 命中 11, 未命中 44
  [问题] 未命中锚点: b51-toc-0002 1 桂花雨 keys=['桂花雨', '1桂花雨']
  [问题] 未命中锚点: b51-toc-0003 2 落花生 keys=['落花生', '2落花生']
  [问题] 未命中锚点: b51-toc-0004 3* 珍珠鸟 keys=['珍珠鸟', '3珍珠鸟', '3*珍珠鸟']
  [问题] 未命中锚点: b51-toc-0005 口语交际 制定班级公约 keys=['口语交际制定班级公约']
  [问题] 未命中锚点: b51-toc-0006 习作 我的心爱之物 keys=['习作我的心爱之物']
  [问题] 未命中锚点: b51-toc-0007 语文园地 keys=['语文园地']
  [问题] 未命中锚点: b51-toc-0009 4 冀中的地道战 keys=['冀中的地道战', '4冀中的地道战']
  [问题] 未命中锚点: b51-toc-0010 5 将相和 keys=['将相和', '5将相和']
  [问题] 未命中锚点: b51-toc-0011 6 什么比猎豹的速度更快 keys=['什么比猎豹的速度更快', '6什么比猎豹的速度更快']
  [问题] 未命中锚点: b51-toc-0013 习作 “漫画”老师 keys=['习作“漫画”老师']
  [问题] 未命中锚点: b51-toc-0014 语文园地 keys=['语文园地']
  [问题] 未命中锚点: b51-toc-0017 口语交际 讲民间故事 keys=['口语交际讲民间故事']
  [问题] 未命中锚点: b51-toc-0018 习作 故事新编 keys=['习作故事新编']
  [问题] 未命中锚点: b51-toc-0019 语文园地 keys=['语文园地']
  [问题] 未命中锚点: b51-toc-0020 快乐读书吧 keys=['快乐读书吧']
  [问题] 未命中锚点: b51-toc-0023 示儿 keys=['示儿']
  [问题] 未命中锚点: b51-toc-0025 己亥杂诗 keys=['己亥杂诗']
  [问题] 未命中锚点: b51-toc-0027 13 圆明园的毁灭 keys=['圆明园的毁灭', '13圆明园的毁灭']
  [问题] 未命中锚点: b51-toc-0028 14* 梅兰芳蓄须明志 keys=['梅兰芳蓄须明志', '14梅兰芳蓄须明志', '14*梅兰芳蓄须明志']
  [问题] 未命中锚点: b51-toc-0029 习作 二十年后的家乡 keys=['习作二十年后的家乡']
  [问题] 未命中锚点: b51-toc-0030 语文园地 keys=['语文园地']
  [问题] 未命中锚点: b51-toc-0032 8 猎人海力布 keys=['猎人海力布', '8猎人海力布']
  [问题] 未命中锚点: b51-toc-0034 15 太阳 keys=['太阳', '15太阳']
  [问题] 未命中锚点: b51-toc-0036 习作 介绍一种事物 keys=['习作介绍一种事物']
  [问题] 未命中锚点: b51-toc-0040 17 慈母情深 keys=['慈母情深', '17慈母情深']
  [问题] 未命中锚点: b51-toc-0041 18 父爱之舟 keys=['父爱之舟', '18父爱之舟']
  [问题] 未命中锚点: b51-toc-0042 19* 航天员写给孩子的信 keys=['航天员写给孩子的信', '19航天员写给孩子的信', '19*航天员写给孩子的信']
  [问题] 未命中锚点: b51-toc-0043 口语交际 父母之爱 keys=['口语交际父母之爱']
  [问题] 未命中锚点: b51-toc-0044 习作 我想对您说 keys=['习作我想对您说']
  [问题] 未命中锚点: b51-toc-0045 语文园地 keys=['语文园地']
  [问题] 未命中锚点: b51-toc-0048 山居秋暝 keys=['山居秋暝']
  [问题] 未命中锚点: b51-toc-0049 枫桥夜泊 keys=['枫桥夜泊']
  [问题] 未命中锚点: b51-toc-0050 早春呈水部张十八员外 keys=['早春呈水部张十八员外']
  [问题] 未命中锚点: b51-toc-0051 21 第一场雪 keys=['第一场雪', '21第一场雪']
  [问题] 未命中锚点: b51-toc-0053 习作 我最喜爱的季节 keys=['习作我最喜爱的季节']
  [问题] 未命中锚点: b51-toc-0054 语文园地 keys=['语文园地']
  [问题] 未命中锚点: b51-toc-0057 24 忆读书 keys=['忆读书', '24忆读书']
  [问题] 未命中锚点: b51-toc-0058 25* 走遍天下书为侣 keys=['走遍天下书为侣', '25走遍天下书为侣', '25*走遍天下书为侣']
  [问题] 未命中锚点: b51-toc-0059 习作 推荐一本书 keys=['习作推荐一本书']
  [问题] 未命中锚点: b51-toc-0060 语文园地 keys=['语文园地']
  [问题] 未命中锚点: b51-toc-0061 2 落花生 ① keys=['落花生①', '2落花生①']
  [问题] 未命中锚点: b51-toc-0062 3 * 珍珠鸟 ① keys=['*珍珠鸟①', '3*珍珠鸟①']
  [问题] 未命中锚点: b51-toc-0065 语文园地 keys=['语文园地']
  [问题] 未命中锚点: b51-toc-0066 5 将相和 ① keys=['将相和①', '5将相和①']
已写入: D:\ah21\textbook-parser\output\2026-09-16\b51_正文分块.json
已写入: D:\ah21\textbook-parser\output\2026-09-16\b51_正文分块.md
控制台输出已同步写入日志: D:\ah21\textbook-parser\output\2026-09-16\b51_正文分块.log
