# textbook-parser toc-chunk
# time: 2026-09-29T16:21:57
# argv: D:\ah21\textbook-parser\src\textbook_parser\__main__.py toc-chunk --project-root . --batch 2026-09-16 --books --continue-on-error
# book_code: b52
# log_file: D:\ah21\textbook-parser\output\2026-09-16\b52_正文分块.log
# 以下 stdout/stderr 均写入本日志（含警告、错误与提取器提示）。
# project_root: D:\ah21\textbook-parser
# batch: 2026-09-16
# output: D:\ah21\textbook-parser\output\2026-09-16

正文分块: 条目 58, 命中 26, 未命中 32
  [问题] 未命中锚点: b52-toc-0004 稚子弄冰 keys=['稚子弄冰']
  [问题] 未命中锚点: b52-toc-0009 口语交际 走进他们的童年岁月 keys=['口语交际走进他们的童年岁月']
  [问题] 未命中锚点: b52-toc-0010 习作 那一刻，我长大了 keys=['习作那一刻，我长大了']
  [问题] 未命中锚点: b52-toc-0011 语文园地 keys=['语文园地']
  [问题] 未命中锚点: b52-toc-0017 口语交际 怎么表演课本剧 keys=['口语交际怎么表演课本剧']
  [问题] 未命中锚点: b52-toc-0018 习作 写读后感 keys=['习作写读后感']
  [问题] 未命中锚点: b52-toc-0019 语文园地 keys=['语文园地']
  [问题] 未命中锚点: b52-toc-0020 快乐读书吧 keys=['快乐读书吧']
  [问题] 未命中锚点: b52-toc-0022 综合性学习 遨游汉字王国 keys=['综合性学习遨游汉字王国']
  [问题] 未命中锚点: b52-toc-0023 ◎ 汉字真有趣 keys=['◎汉字真有趣']
  [问题] 未命中锚点: b52-toc-0024 ◎ 我爱你，汉字 keys=['◎我爱你，汉字']
  [问题] 未命中锚点: b52-toc-0027 从军行 keys=['从军行']
  [问题] 未命中锚点: b52-toc-0028 秋夜将晓出篱门迎凉有感 keys=['秋夜将晓出篱门迎凉有感']
  [问题] 未命中锚点: b52-toc-0033 习作 他 了 keys=['习作他了']
  [问题] 未命中锚点: b52-toc-0034 语文园地 keys=['语文园地']
  [问题] 未命中锚点: b52-toc-0037 摔跤 keys=['摔跤']
  [问题] 未命中锚点: b52-toc-0038 他像一棵挺脱的树 keys=['他像一棵挺脱的树']
  [问题] 未命中锚点: b52-toc-0039 两茎灯草 keys=['两茎灯草']
  [问题] 未命中锚点: b52-toc-0044 习作 形形色色的人 keys=['习作形形色色的人']
  [问题] 未命中锚点: b52-toc-0046 15 自相矛盾 keys=['自相矛盾', '15自相矛盾']
  [问题] 未命中锚点: b52-toc-0049 习作 神奇的探险之旅 keys=['习作神奇的探险之旅']
  [问题] 未命中锚点: b52-toc-0050 语文园地 keys=['语文园地']
  [问题] 未命中锚点: b52-toc-0055 金字塔夕照 keys=['金字塔夕照']
  [问题] 未命中锚点: b52-toc-0056 不可思议的金字塔 keys=['不可思议的金字塔']
  [问题] 未命中锚点: b52-toc-0057 口语交际 我是小小讲解员 keys=['口语交际我是小小讲解员']
  [问题] 未命中锚点: b52-toc-0058 习作 中国的世界文化遗产 keys=['习作中国的世界文化遗产']
  [问题] 未命中锚点: b52-toc-0059 语文园地 keys=['语文园地']
  [问题] 未命中锚点: b52-toc-0061 21 杨氏之子 keys=['杨氏之子', '21杨氏之子']
  [问题] 未命中锚点: b52-toc-0064 口语交际 我们都来讲笑话 keys=['口语交际我们都来讲笑话']
  [问题] 未命中锚点: b52-toc-0065 习作 漫画的启示 keys=['习作漫画的启示']
  [问题] 未命中锚点: b52-toc-0066 语文园地 keys=['语文园地']
  [问题] 未命中锚点: b52-toc-0067 1 古诗三首 keys=['古诗三首', '1古诗三首']
已写入: D:\ah21\textbook-parser\output\2026-09-16\b52_正文分块.json
已写入: D:\ah21\textbook-parser\output\2026-09-16\b52_正文分块.md
控制台输出已同步写入日志: D:\ah21\textbook-parser\output\2026-09-16\b52_正文分块.log
