# textbook-parser toc-chunk
# time: 2026-09-29T16:21:57
# argv: D:\ah21\textbook-parser\src\textbook_parser\__main__.py toc-chunk --project-root . --batch 2026-09-16 --books --continue-on-error
# book_code: b61
# log_file: D:\ah21\textbook-parser\output\2026-09-16\b61_正文分块.log
# 以下 stdout/stderr 均写入本日志（含警告、错误与提取器提示）。
# project_root: D:\ah21\textbook-parser
# batch: 2026-09-16
# output: D:\ah21\textbook-parser\output\2026-09-16

正文分块: 条目 56, 命中 9, 未命中 47
  [问题] 未命中锚点: b61-toc-0002 1 草原 keys=['草原', '1草原']
  [问题] 未命中锚点: b61-toc-0003 2 丁香结 keys=['丁香结', '2丁香结']
  [问题] 未命中锚点: b61-toc-0005 宿建德江 keys=['宿建德江']
  [问题] 未命中锚点: b61-toc-0006 六月二十七日望湖楼醉书 keys=['六月二十七日望湖楼醉书']
  [问题] 未命中锚点: b61-toc-0008 习作 变形记 keys=['习作变形记']
  [问题] 未命中锚点: b61-toc-0009 语文园地 keys=['语文园地']
  [问题] 未命中锚点: b61-toc-0012 5 狼牙山五壮士 keys=['狼牙山五壮士', '5狼牙山五壮士']
  [问题] 未命中锚点: b61-toc-0013 6 开国大典 keys=['开国大典', '6开国大典']
  [问题] 未命中锚点: b61-toc-0014 7 我的战友邱少云 keys=['我的战友邱少云', '7我的战友邱少云']
  [问题] 未命中锚点: b61-toc-0015 口语交际 演讲 keys=['口语交际演讲']
  [问题] 未命中锚点: b61-toc-0016 习作 多彩的活动 keys=['习作多彩的活动']
  [问题] 未命中锚点: b61-toc-0017 语文园地 keys=['语文园地']
  [问题] 未命中锚点: b61-toc-0019 8 竹节人 keys=['竹节人', '8竹节人']
  [问题] 未命中锚点: b61-toc-0020 9 宇宙生命之谜 keys=['宇宙生命之谜', '9宇宙生命之谜']
  [问题] 未命中锚点: b61-toc-0022 习作 让生活更美好 keys=['习作让生活更美好']
  [问题] 未命中锚点: b61-toc-0023 语文园地 keys=['语文园地']
  [问题] 未命中锚点: b61-toc-0025 11 桥 keys=['11桥']
  [问题] 未命中锚点: b61-toc-0026 12 穷人 keys=['穷人', '12穷人']
  [问题] 未命中锚点: b61-toc-0027 13* 金色的鱼钩 keys=['金色的鱼钩', '13金色的鱼钩', '13*金色的鱼钩']
  [问题] 未命中锚点: b61-toc-0028 口语交际 请你支持我 keys=['口语交际请你支持我']
  [问题] 未命中锚点: b61-toc-0029 习作 笔尖流出的故事 keys=['习作笔尖流出的故事']
  [问题] 未命中锚点: b61-toc-0030 语文园地 keys=['语文园地']
  [问题] 未命中锚点: b61-toc-0031 快乐读书吧 keys=['快乐读书吧']
  [问题] 未命中锚点: b61-toc-0033 14 灯光 keys=['灯光', '14灯光']
  [问题] 未命中锚点: b61-toc-0034 15 盼 keys=['15盼']
  [问题] 未命中锚点: b61-toc-0035 习作 围绕中心意思写 keys=['习作围绕中心意思写']
  [问题] 未命中锚点: b61-toc-0039 16 只有一个地球 keys=['只有一个地球', '16只有一个地球']
  [问题] 未命中锚点: b61-toc-0040 17 * 青山不老 keys=['*青山不老', '17*青山不老']
  [问题] 未命中锚点: b61-toc-0041 18 * 三黑和土地 keys=['*三黑和土地', '18*三黑和土地']
  [问题] 未命中锚点: b61-toc-0043 浪淘沙（其一） keys=['浪淘沙（其一）']
  [问题] 未命中锚点: b61-toc-0044 江南春 keys=['江南春']
  [问题] 未命中锚点: b61-toc-0045 书湖阴先生壁 keys=['书湖阴先生壁']
  [问题] 未命中锚点: b61-toc-0046 口语交际 意见不同怎么办 keys=['口语交际意见不同怎么办']
  [问题] 未命中锚点: b61-toc-0047 习作 学写倡议书 keys=['习作学写倡议书']
  [问题] 未命中锚点: b61-toc-0048 语文园地 keys=['语文园地']
  [问题] 未命中锚点: b61-toc-0051 两小儿辩日 keys=['两小儿辩日']
  [问题] 未命中锚点: b61-toc-0052 曹冲称象 keys=['曹冲称象']
  [问题] 未命中锚点: b61-toc-0053 21 表里的生物 keys=['表里的生物', '21表里的生物']
  [问题] 未命中锚点: b61-toc-0054 22* 他们那时候多有趣啊 keys=['他们那时候多有趣啊', '22他们那时候多有趣啊', '22*他们那时候多有趣啊']
  [问题] 未命中锚点: b61-toc-0055 习作 插上科学的翅膀飞 keys=['习作插上科学的翅膀飞']
  [问题] 未命中锚点: b61-toc-0056 语文园地 keys=['语文园地']
  [问题] 未命中锚点: b61-toc-0059 24 好的故事 keys=['好的故事', '24好的故事']
  [问题] 未命中锚点: b61-toc-0060 25* 我的伯父鲁迅先生 keys=['我的伯父鲁迅先生', '25我的伯父鲁迅先生', '25*我的伯父鲁迅先生']
  [问题] 未命中锚点: b61-toc-0061 26* 有的人—纪念鲁迅有感 keys=['有的人—纪念鲁迅有感', '26有的人—纪念鲁迅有感', '26*有的人—纪念鲁迅有感']
  [问题] 未命中锚点: b61-toc-0062 习作 传承好家风 keys=['习作传承好家风']
  [问题] 未命中锚点: b61-toc-0063 语文园地 keys=['语文园地']
  [问题] 未命中锚点: b61-toc-0064 2 丁香结 ① keys=['丁香结①', '2丁香结①']
已写入: D:\ah21\textbook-parser\output\2026-09-16\b61_正文分块.json
已写入: D:\ah21\textbook-parser\output\2026-09-16\b61_正文分块.md
控制台输出已同步写入日志: D:\ah21\textbook-parser\output\2026-09-16\b61_正文分块.log
