# book_code: b61
# extractor: 目录

  例文
标*的是略读课文。第三单元是阅读策略
单元，第五单元是习作单元。
            第
            一
            单
触摸山川湖海的心跳，  元
倾听花鸟虫鱼的歌声。
    亲近自然，热爱生活。
◎ 积极思考，从所读的内容想开去。
◎ 习作时发挥想象，注意把重点部分写得详细一些。
               1
阅读  1 草  原 ①
      这次，我看到了草原。那里的天比别处的更可爱，空气是那
么清鲜，天空是那么明朗，使我总想高歌一曲，表示我满心的愉
快。在天底下，一碧千里，而并不茫茫。四面都有小丘，平地是
绿的，小丘也是绿的。羊群一会儿上了小丘，一会儿又下来，走
在哪里都像给无边的绿毯绣上了白色的大花。那些小丘的线条是
那么柔美，就像只用绿色渲染，不用墨线勾勒的中国画那样，到
处翠色欲流，轻轻流入云际。这种境界，既使人惊叹，又叫人舒
服，既愿久立四望，又想坐下低吟一首奇丽的小诗。在这境界里，
连骏马和大牛都有时候静立不动，好像回味着草原的无限乐趣。
      我们访问的是陈巴尔虎旗。汽车走了一百五十里，才到达目
的地。一百五十里全是草原。再走一百五十里，也还是草原。草
原上行车十分洒脱，只要方向不错，怎么走都可以。初入草原，
① 本文作者老舍（1899 —1966），选作课文时有改动。
2
tAn
xuSn
听不见一点儿声音，也看不见什么东西，除了一些忽飞忽落的小
鸟。走了许久，远远地望见了一条迂回的明如玻璃的带子—河！
牛羊多起来，也看到了马群，隐隐有鞭子的轻响。快了，快到了。
忽然，像被一阵风吹来似的，远处的小丘上出现了一群马，马上的
男女老少穿着各色的衣裳，群马疾驰，襟飘带舞，像一条彩虹向我
们飞过来。这是主人来到几十里外欢迎远客。见到我们，主人们立
刻拨转马头，欢呼着，飞驰着，在汽车左右与前面引路。静寂的草
原热闹起来：欢呼声，车声，马蹄声，响成一片。车跟着马飞过小
丘，看见了几座蒙古包。
      蒙古包外，许多匹马，许多辆车。人很多，都是从几十里外乘
马或坐车来看我们的。主人们下了马，我们下了车。也不知道是谁
的手，总是热乎乎地握着，握住不放。大家的语言不同，心可是一
样。你说你的，我说我的，总的意思是民族团结互助。
      也不知怎的，就进了蒙古包。奶茶倒上了，奶豆腐摆上了，主
客都盘腿坐下，谁都有礼貌，谁都又那么亲热，一点儿不拘束。不
yO
jUn
mDng
3
大一会儿，好客的主人端进来大盘的手抓羊肉。干部向我们敬酒，
七十岁的老翁向我们敬酒。我们回敬，主人再举杯，我们再回敬。
    F
这时候，鄂温克族姑娘们戴着尖尖的帽子，既大方，又稍有点儿羞
sF
涩，来给客人们唱民歌。我们同行的歌手也赶紧唱起来，歌声似乎
比什么语言都更响亮，都更感人，不管唱的是什么，听者总会露出
会心的微笑。
    饭后，小伙子们表演套马、摔跤，姑娘们表演了民族舞蹈。客
人们也舞的舞，唱的唱，还要骑一骑蒙古马。太阳已经偏西，谁也
不肯走。是啊！蒙汉情深何忍别，天涯碧草话斜阳！
    勒吟骏鞭裳蹄腐貌拘稍
     朗读课文，想象草原迷人的景色，读出自己的感受。
     读下面的句子，体会在景物中融入感受的写法。再从课文中找出类似的
     句子，读一读，抄写下来。
        那些小丘的线条是那么柔美，就像只用绿色渲染，不用墨线勾勒的
     中国画那样，到处翠色欲流，轻轻流入云际。这种境界，既使人惊叹，
     又叫人舒服，既愿久立四望，又想坐下低吟一首奇丽的小诗。
    “蒙汉情深何忍别，天涯碧草话斜阳”，说说你从课文哪些地方体会到了
    “蒙汉情深”。
     小练笔
   生活中你也有过与人相聚、惜别的经历吧？回忆当时的情景，写下
     来，注意融入自己的感受。
4
xiO
      今年的丁香花似乎开得格外茂盛，城里城外，都是一样。城里
街旁，尘土纷嚣之间，忽然呈出两片雪白，顿使人眼前一亮，再仔
细看，才知是两行丁香花。有的宅院里探出半树银妆，星星般的小
花缀满枝头，从墙上窥着行人，惹得人走过了还要回头望。
      城外校园里丁香更多。最好的是图书馆北面的丁香三角地，种
有十数棵的白丁香和紫丁香。月光下白的潇洒，紫的朦胧。还有淡
             yA
淡的幽雅的甜香，非桂非兰，在夜色中也能让人分辨出，这是丁香。
      在我断断续续住了近三十年的斗室外，有三棵白丁香。每到春
来，伏案时抬头便看见檐前积雪。雪色映进窗来，香气直透毫端。
人也似乎轻灵得多，不那么浑浊笨拙了。从外面回来时，最先映入
眼帘的，也是那一片莹白，白下面透出参差的绿，然后才见那两扇
红窗。我经历过的春光，几乎都是和这几树丁香联系在一起的。那
十字小白花，那样小，却不显得单薄。许多小花形成一簇，许多簇
花开满一树，遮掩着我的窗，照耀着我的文思和梦想。
      古人诗云：“芭蕉不展丁香结”“丁香空结雨中愁”。在细雨迷
蒙中，着了水滴的丁香格外妩媚。花墙边两株紫色的，如同印象派
的画，线条模糊了，直向窗前的莹白渗过来。让人觉得，丁香确实
该和微雨连在一起。
      只是赏过这么多年的丁香，却一直不解，何以古人发明了丁香
结的说法。今年一次春雨，久立窗前，望着斜伸过来的丁香枝条上
① 本文作者宗璞（pP），选作课文时有改动。
cEn cU
bQ
wL
5
