# book_code: b62
# extractor: 目录

N¯ON*N”[fN‘Ou(g*~ˇcgCN_SPZNu(
N¯ON*N”[fN‘Ou(g*~ˇcgCN_SPZNu(
标 * 的是略读课文
               百里不同风，
               千里不同俗。
N¯ON*N”[fN‘Ou(g*~ˇcgCN_SPZNu(
第
一
单
元
◎ 分清内容的主次，体会作者是如何详写
主要部分的。
◎ 习作时注意抓住重点，写出特点。
1
按照北京的老规矩，春节差不多在腊月的初旬就开始了。“腊
七腊八，冻死寒鸦”，这是一年里最冷的时候。可是，到了严冬，
不久便是春天，所以人们并不因为寒冷而减少过年与迎春的热情。
在腊八那天，家家都熬腊八粥。这种特制的粥是祭祖祭神的，可是
细一想，它倒是农业社会一种自傲的表现—这种粥是用各种米，
       rRn
各种豆，与各种干果（杏仁、核桃仁、瓜子、荔枝肉、莲子、花生
米、葡萄干、菱角米……）熬成的。这不是粥，而是小型的农业产
品展览会。
      腊八这天还要泡腊八蒜。把蒜瓣放到高醋里，封起来，为过年
吃饺子用。到年底，蒜泡得色如翡翠，醋也有了些辣味，色味双
本文作者老舍，选作课文时有改动。
2
       N¯ON*N”[fN‘Ou(g*~ˇcgCN_SPZNu(
xPn
lK
lIng
fDi
美，使人忍不住要多吃几个饺子。在北京，过年时，家家吃饺子。
从腊八起，铺户就加紧上年货，街上增加了货摊子—卖春联
的、卖年画的、卖蜜供的、卖水仙花的等等，他们都是只在这个季
节才会出现的。这些摊子都让孩子们的心跳得更快一些。在胡同
里，吆喝的声音也比平时更多更复杂，其中也有仅在腊月才出现
的，像卖松枝的、薏仁米的、年糕的等等。
孩子们准备过年，第一件事是买杂拌儿。这是用各种干果（花
（图）盛锡珊
yK
