# textbook-parser toc-chunk
# time: 2026-09-29T16:21:58
# argv: D:\ah21\textbook-parser\src\textbook_parser\__main__.py toc-chunk --project-root . --batch 2026-09-16 --books --continue-on-error
# book_code: b62
# log_file: D:\ah21\textbook-parser\output\2026-09-16\b62_正文分块.log
# 以下 stdout/stderr 均写入本日志（含警告、错误与提取器提示）。
# project_root: D:\ah21\textbook-parser
# batch: 2026-09-16
# output: D:\ah21\textbook-parser\output\2026-09-16

正文分块: 条目 54, 命中 20, 未命中 34
  [问题] 未命中锚点: b62-toc-0005 寒食 keys=['寒食']
  [问题] 未命中锚点: b62-toc-0006 迢迢牵牛星 keys=['迢迢牵牛星']
  [问题] 未命中锚点: b62-toc-0009 习作例文 即兴发言 keys=['习作例文即兴发言']
  [问题] 未命中锚点: b62-toc-0010 习作 家乡的风俗 keys=['习作家乡的风俗']
  [问题] 未命中锚点: b62-toc-0011 语文园地 keys=['语文园地']
  [问题] 未命中锚点: b62-toc-0016 口语交际 同读一本书 keys=['口语交际同读一本书']
  [问题] 未命中锚点: b62-toc-0017 习作 写作品梗概 keys=['习作写作品梗概']
  [问题] 未命中锚点: b62-toc-0018 语文园地 keys=['语文园地']
  [问题] 未命中锚点: b62-toc-0019 快乐读书吧 keys=['快乐读书吧']
  [问题] 未命中锚点: b62-toc-0025 习作 让真情自然流露 keys=['习作让真情自然流露']
  [问题] 未命中锚点: b62-toc-0028 马诗 keys=['马诗']
  [问题] 未命中锚点: b62-toc-0029 石灰吟 keys=['石灰吟']
  [问题] 未命中锚点: b62-toc-0030 竹石 keys=['竹石']
  [问题] 未命中锚点: b62-toc-0034 综合性学习 奋斗的历程 keys=['综合性学习奋斗的历程']
  [问题] 未命中锚点: b62-toc-0035 语文园地 keys=['语文园地']
  [问题] 未命中锚点: b62-toc-0038 学弈 keys=['学弈']
  [问题] 未命中锚点: b62-toc-0039 两小儿辩日 keys=['两小儿辩日']
  [问题] 未命中锚点: b62-toc-0043 口语交际 辩论 keys=['口语交际辩论']
  [问题] 未命中锚点: b62-toc-0044 习作 插上科学的翅膀飞 keys=['习作插上科学的翅膀飞']
  [问题] 未命中锚点: b62-toc-0045 语文园地 keys=['语文园地']
  [问题] 未命中锚点: b62-toc-0047 综合性学习 难忘小学生活 keys=['综合性学习难忘小学生活']
  [问题] 未命中锚点: b62-toc-0048 ◎ 回忆往事 keys=['◎回忆往事']
  [问题] 未命中锚点: b62-toc-0049 ◎ 依依惜别 keys=['◎依依惜别']
  [问题] 未命中锚点: b62-toc-0051 1 采薇（节选） keys=['采薇（节选）', '1采薇（节选）']
  [问题] 未命中锚点: b62-toc-0052 2 送元二使安西 keys=['送元二使安西', '2送元二使安西']
  [问题] 未命中锚点: b62-toc-0053 3 春夜喜雨 keys=['春夜喜雨', '3春夜喜雨']
  [问题] 未命中锚点: b62-toc-0054 4 早春呈水部张十八员外 keys=['早春呈水部张十八员外', '4早春呈水部张十八员外']
  [问题] 未命中锚点: b62-toc-0055 5 江上渔者 keys=['江上渔者', '5江上渔者']
  [问题] 未命中锚点: b62-toc-0056 6 泊船瓜洲 keys=['泊船瓜洲', '6泊船瓜洲']
  [问题] 未命中锚点: b62-toc-0057 7 游园不值 keys=['游园不值', '7游园不值']
  [问题] 未命中锚点: b62-toc-0058 8 卜算子·送鲍浩然之浙东 keys=['卜算子·送鲍浩然之浙东', '8卜算子·送鲍浩然之浙东']
  [问题] 未命中锚点: b62-toc-0059 9 浣溪沙 keys=['浣溪沙', '9浣溪沙']
  [问题] 未命中锚点: b62-toc-0060 10 清平乐 keys=['清平乐', '10清平乐']
  [问题] 未命中锚点: b62-toc-0061 1 北京的春节 keys=['北京的春节', '1北京的春节']
已写入: D:\ah21\textbook-parser\output\2026-09-16\b62_正文分块.json
已写入: D:\ah21\textbook-parser\output\2026-09-16\b62_正文分块.md
控制台输出已同步写入日志: D:\ah21\textbook-parser\output\2026-09-16\b62_正文分块.log
