# textbook-parser extract-all
# time: 2026-09-30T13:40:34
# argv: D:\ah21\textbook-parser\src\textbook_parser\__main__.py extract-all --extractor 识字表 --project-root .
# book_code: b11,b21,b31,b41,b51,b61
# log_file: D:\ah21\textbook-parser\output\2026-09-16\extract-all_识字表.log
# 以下 stdout/stderr 均写入本日志（含警告、错误与提取器提示）。
# extractor: 识字表
# project_root: D:\ah21\textbook-parser
# batch: 2026-09-16
# books_arg: (本批全部书目)
# scratch: 0

批次: 2026-09-16 → D:\ah21\textbook-parser\output\2026-09-16
--- b11 ---
[b11/识字表 抛弃]    识字
[b11/识字表 抛弃] 汉语拼音
[b11/识字表 抛弃] ① 识字表中蓝色的字此前已作为生字认读，此处作为多音字学习，不计入生字总数。
[b11/识字表 抛弃]                                                                                                    105
[b11/识字表 抛弃] 阅读
[b11/识字表 抛弃] 识字
[b11/识字表 抛弃] 106
[b11/识字表 抛弃] 阅读
[b11/识字表] 目录 JSON 对齐 — 锚点全部匹配到目录
识字表: 行数 38，字数合计 284
已写入: D:\ah21\textbook-parser\output\2026-09-16\b11_识字表.json
已写入: D:\ah21\textbook-parser\output\2026-09-16\b11_识字表.md
抛弃行日志: D:\ah21\textbook-parser\output\2026-09-16\b11_识字表.discard.log
--- b21 ---
[b21/识字表 抛弃] 阅读
[b21/识字表 抛弃] 识字
[b21/识字表 抛弃] ① 识字表中蓝色的字此前已作为生字认读，此处作为多音字学习，不计入生字总数。
[b21/识字表 抛弃] 108
[b21/识字表 抛弃] 阅读
[b21/识字表 抛弃]                                                                        109
[b21/识字表 抛弃] 110
[b21/识字表 抛弃]                                                                       111
[b21/识字表 TOC] 未在目录中找到与锚点行匹配的学习单位（自条目 19 起）: '4 虹浇壶提洒挑镜拿系荡裙'
[b21/识字表 TOC] 未在目录中找到与锚点行匹配的学习单位（自条目 19 起）: '5 婆候趣舅或留份喂逃曲者服扑\n    鼻'
[b21/识字表 TOC] 未在目录中找到与锚点行匹配的学习单位（自条目 19 起）: '6 珍碧靠仰颗距变祖勺绕转楚汉\n    刻研'
[b21/识字表 TOC] 未在目录中找到与锚点行匹配的学习单位（自条目 19 起）: '语文园地三        tWn gQng qIn niE nI wRi gLn tiD huWn huW tU\n             弹钢琴捏泥围滚铁环滑梯'
[b21/识字表 TOC] 未在目录中找到与锚点行匹配的学习单位（自条目 19 起）: '7 登唐依尽欲穷层瀑布炉紫烟遥'
[b21/识字表 TOC] 未在目录中找到与锚点行匹配的学习单位（自条目 19 起）: '8 闻景区省秀神仙盘指巨伸都著\n     抢状岩'
[b21/识字表 TOC] 未在目录中找到与锚点行匹配的学习单位（自条目 19 起）: '     9 潭茂盛胜央岛隐约倒映整童吸\n     引客'
[b21/识字表 TOC] 未在目录中找到与锚点行匹配的学习单位（自条目 19 起）: '     10 葡 萄 沟 坡 密 枝 淡 好 族 够 收 市 干\n     钉分颜味'
[b21/识字表 TOC] 未在目录中找到与锚点行匹配的学习单位（自条目 19 起）: '     语文园地四   dKng xiSo fEng chQng fM wH pM gAi qiQn tuK gEng\n             订效丰昌付卧铺改签退更\n     维码'
[b21/识字表] 目录 JSON 对齐 — 锚点 35 条，成功绑定目录 26 条
识字表: 行数 35，字数合计 482
[识字表 目录对齐] 核对未通过: {'toc_anchor_group_count': 35, 'toc_assigned_count': 26, 'toc_layout_match_ok': False}
已写入: D:\ah21\textbook-parser\output\2026-09-16\b21_识字表.json
已写入: D:\ah21\textbook-parser\output\2026-09-16\b21_识字表.md
抛弃行日志: D:\ah21\textbook-parser\output\2026-09-16\b21_识字表.discard.log
--- b31 ---
[b31/识字表 抛弃] ① 识字表中蓝色的字此前已作为生字认读，此处作为多音字学习，不计入生字总数。
[b31/识字表 抛弃]                                                                                                     109
[b31/识字表 抛弃] 110
[b31/识字表] 目录 JSON 对齐 — 锚点全部匹配到目录
识字表: 行数 30，字数合计 277
已写入: D:\ah21\textbook-parser\output\2026-09-16\b31_识字表.json
已写入: D:\ah21\textbook-parser\output\2026-09-16\b31_识字表.md
抛弃行日志: D:\ah21\textbook-parser\output\2026-09-16\b31_识字表.discard.log
--- b41 ---
[b41/识字表 抛弃] ① 识字表中蓝色的字此前已作为生字认读，此处作为多音字学习，不计入生字总数。
[b41/识字表 抛弃] 122
[b41/识字表 抛弃]                                                                    123
[b41/识字表] 目录 JSON 对齐 — 锚点全部匹配到目录
识字表: 行数 31，字数合计 265
已写入: D:\ah21\textbook-parser\output\2026-09-16\b41_识字表.json
已写入: D:\ah21\textbook-parser\output\2026-09-16\b41_识字表.md
抛弃行日志: D:\ah21\textbook-parser\output\2026-09-16\b41_识字表.discard.log
--- b51 ---
[b51/识字表 抛弃] ① 识字表中蓝色的字此前已作为生字认读，此处作为多音字学习，不计入生字总数。
[b51/识字表 抛弃]                                                                                                  115
[b51/识字表 抛弃] 116
[b51/识字表 TOC] 未在目录中找到与锚点行匹配的学习单位（自条目 32 起）: '   9 嫂恳筛咧歹罕惯纱梭监狱酿瞌\n        落'
[b51/识字表 TOC] 未在目录中找到与锚点行匹配的学习单位（自条目 32 起）: '10 俭 偎 珊 瑚 礁 筐 拗'
[b51/识字表 TOC] 未在目录中找到与锚点行匹配的学习单位（自条目 32 起）: '11 乃 邸 熏 亥 龚 恃'
[b51/识字表 TOC] 未在目录中找到与锚点行匹配的学习单位（自条目 32 起）: '12 潜 渊 惶 胎 履 疆'
[b51/识字表 TOC] 未在目录中找到与锚点行匹配的学习单位（自条目 32 起）: '13 估 玲 珑 剔 澜 瑶 烬'
[b51/识字表 TOC] 未在目录中找到与锚点行匹配的学习单位（自条目 32 起）: '14 蓄 剃 租 纠 要 斩 烫 妄'
[b51/识字表] 目录 JSON 对齐 — 锚点 27 条，成功绑定目录 21 条
识字表: 行数 27，字数合计 209
[识字表 目录对齐] 核对未通过: {'toc_anchor_group_count': 27, 'toc_assigned_count': 21, 'toc_layout_match_ok': False}
已写入: D:\ah21\textbook-parser\output\2026-09-16\b51_识字表.json
已写入: D:\ah21\textbook-parser\output\2026-09-16\b51_识字表.md
抛弃行日志: D:\ah21\textbook-parser\output\2026-09-16\b51_识字表.discard.log
--- b61 ---
b61: 跳过（本册未配置 «识字表»，多为 extractors_drop）
控制台输出已同步写入日志: D:\ah21\textbook-parser\output\2026-09-16\extract-all_识字表.log
